Qompoter
======== install

* kde/attica v5.25.0
  Downloading sources from Git...
  Warning: no 'qompoter.pri' found for this package
  done

* cp/fylhan v1.1
  Downloading sources...
  done

* laumaya/glc-lib master
  Downloading sources from Git...
  Warning: no 'qompoter.pri' found for this package
  done

done
