Qompoter
======== install

* fylhan/posibrain v1.0-RC
  Downloading sources from Git...
  Oups, "v1.0-RC" does not exist
  Warning: error with Git, Qompoter will try downloading sources from scratch...
  Downloading sources...
  Error: no package found "https://github.com/fylhan/posibrain/v1.0-RC"
  FAILURE

FAILURE
