Qompoter
======== install -> create qompoter.lock

* cp/fylhan v1.0
  Downloading sources...
  Hint: Think about upgrading to the last version v1.1.10
  done

* missing/package dev-master
  Downloading sources...
  Error: no package found "qompoter-repo/missing/package/dev-master"
  FAILURE

FAILURE
