Qompoter
======== install

* cp/acme v1.*-lib
  Downloading lib...
  Selected version: v1.1-lib
  done

* fylhan/qompoter-test-package4git v1.0-lib
  Downloading lib...
  Warning: no 'qompoter.pri' found for this package
  done

* fylhan/qompoter-test-package v1.0-lib
  Downloading lib...
  Warning: cannot find provided "https:///wrong-uri.tar.gz", let's try another repository
  Warning: no 'qompoter.pri' found for this package
  done

done
